// Jest Snapshot v1, https://goo.gl/fbAQLP

exports[`Should show a user profile 1`] = `
<div>
  <div
    class="bg-gray-100 bg-opacity-95 my-12 pb-6 w-full justify-center items-center overflow-hidden md:max-w-sm rounded-lg shadow-sm mx-auto"
  >
    <div
      class="relative h-40"
    >
      <img
        alt="header"
        class="absolute h-full w-full object-fill"
        src="https://static.wikia.nocookie.net/naruto/images/5/50/Team_Kakashi.png"
      />
    </div>
    <div
      class="relative shadow mx-auto h-36 w-36 -my-12 border-white rounded-full overflow-hidden border-4"
    >
      <img
        alt="avatar"
        class="object-fill w-full h-full"
        src="https://thumbs.gfycat.com/NiceRequiredGrunion-size_restricted.gif"
      />
    </div>
    <div
      class="mt-16"
    >
      <h1
        class="text-3xl text-center font-semibold"
      >
        Vonta
      </h1>
      <p
        class="text-lg text-gray-600 text-center italic"
      >
        Res Non Verba
      </p>
      <p
        class="text-lg text-gray-600 text-center"
      >
        Favorite Color:
         
        <span
          class="italic uppercase"
          style="color: crimson;"
        >
          crimson
        </span>
      </p>
    </div>
    <h2
      class="text-center text-xl"
    >
      Interests
    </h2>
    <ul
      class="mt-2 pt-3 flex flex-wrap mx-6 border-t"
    >
      <li>
        <div
          class="text-xs mr-2 my-1 uppercase tracking-wider border px-2 text-indigo-600 border-indigo-600 hover:bg-indigo-600 hover:text-indigo-100 cursor-default"
        >
          React
        </div>
      </li>
      <li>
        <div
          class="text-xs mr-2 my-1 uppercase tracking-wider border px-2 text-indigo-600 border-indigo-600 hover:bg-indigo-600 hover:text-indigo-100 cursor-default"
        >
          Anime
        </div>
      </li>
      <li>
        <div
          class="text-xs mr-2 my-1 uppercase tracking-wider border px-2 text-indigo-600 border-indigo-600 hover:bg-indigo-600 hover:text-indigo-100 cursor-default"
        >
          Traveling
        </div>
      </li>
      <li>
        <div
          class="text-xs mr-2 my-1 uppercase tracking-wider border px-2 text-indigo-600 border-indigo-600 hover:bg-indigo-600 hover:text-indigo-100 cursor-default"
        >
          Living
        </div>
      </li>
      <li>
        <div
          class="text-xs mr-2 my-1 uppercase tracking-wider border px-2 text-indigo-600 border-indigo-600 hover:bg-indigo-600 hover:text-indigo-100 cursor-default"
        >
          Tower Defense Games
        </div>
      </li>
      <li>
        <div
          class="text-xs mr-2 my-1 uppercase tracking-wider border px-2 text-indigo-600 border-indigo-600 hover:bg-indigo-600 hover:text-indigo-100 cursor-default"
        >
          Card Games
        </div>
      </li>
    </ul>
  </div>
</div>
`;
